TEST 1 BEGIN
$ echo '' | python3 roman_arabic.py
How can I help you?I don't get what you want, sorry mate!
TEST 1 END

TEST 2 BEGIN
$ echo Please convert 4567 2345 | python3 roman_arabic.py
How can I help you?I don't get what you want, sorry mate!
TEST 2 END

TEST 3 BEGIN
$ echo Please convert 123 using | python3 roman_arabic.py
How can I help you?I don't get what you want, sorry mate!
TEST 3 END

TEST 4 BEGIN
$ echo Please convert 519 minimally using | python3 roman_arabic.py
How can I help you?I don't get what you want, sorry mate!
TEST 4 END

TEST 5 BEGIN
$ echo Please convert 519 using ABCDE minimally | python3 roman_arabic.py
How can I help you?I don't get what you want, sorry mate!
TEST 5 END

TEST 6 BEGIN
$ echo Please convert UYTE minimal | python3 roman_arabic.py
How can I help you?I don't get what you want, sorry mate!
TEST 6 END

TEST 7 BEGIN
$ echo Please convert CO use THCO | python3 roman_arabic.py
How can I help you?I don't get what you want, sorry mate!
TEST 7 END

TEST 8 BEGIN
$ echo Please convert 51 using using ABCDE | python3 roman_arabic.py
How can I help you?I don't get what you want, sorry mate!
TEST 8 END

TEST 9 BEGIN
$ echo Please please 51 using DABCDE | python3 roman_arabic.py
How can I help you?I don't get what you want, sorry mate!
TEST 9 END

TEST 10 BEGIN
$ echo Please_concert please_convert E using E | python3 roman_arabic.py
How can I help you?I don't get what you want, sorry mate!
TEST 10 END

TEST 11 BEGIN
$ echo Please convert 0 | python3 roman_arabic.py
How can I help you?Hey, ask me something that's not impossible to do!
TEST 11 END

TEST 12 BEGIN
$ echo Please convert 010 | python3 roman_arabic.py
How can I help you?Hey, ask me something that's not impossible to do!
TEST 12 END

TEST 13 BEGIN
$ echo Please convert 4000 | python3 roman_arabic.py
How can I help you?Hey, ask me something that's not impossible to do!
TEST 13 END

TEST 14 BEGIN
$ echo Please convert VV | python3 roman_arabic.py
How can I help you?Hey, ask me something that's not impossible to do!
TEST 14 END

TEST 15 BEGIN
$ echo Please convert IVI | python3 roman_arabic.py
How can I help you?Hey, ask me something that's not impossible to do!
TEST 15 END

TEST 16 BEGIN
$ echo Please convert IVX | python3 roman_arabic.py
How can I help you?Hey, ask me something that's not impossible to do!
TEST 16 END

TEST 17 BEGIN
$ echo Please convert 1 | python3 roman_arabic.py
How can I help you?Sure! It is I
TEST 17 END

TEST 18 BEGIN
$ echo Please convert 69 | python3 roman_arabic.py
How can I help you?Sure! It is LXIX
TEST 18 END

TEST 19 BEGIN
$ echo Please convert 307 | python3 roman_arabic.py
How can I help you?Sure! It is CCCVII
TEST 19 END

TEST 20 BEGIN
$ echo Please convert 1110 | python3 roman_arabic.py
How can I help you?Sure! It is MCX
TEST 20 END

TEST 21 BEGIN
$ echo Please convert 2009 | python3 roman_arabic.py
How can I help you?Sure! It is MMIX
TEST 21 END

TEST 22 BEGIN
$ echo Please convert 3060 | python3 roman_arabic.py
How can I help you?Sure! It is MMMLX
TEST 22 END

TEST 23 BEGIN
$ echo Please convert 3984 | python3 roman_arabic.py
How can I help you?Sure! It is MMMCMLXXXIV
TEST 23 END

TEST 24 BEGIN
$ echo Please convert I | python3 roman_arabic.py
How can I help you?1
TEST 24 END

TEST 25 BEGIN
$ echo Please convert LXIX | python3 roman_arabic.py
How can I help you?How can I help you?Traceback (most recent call last):
  File "roman_arabic.py", line 220, in <module>
    user_input()
  File "roman_arabic.py", line 4, in user_input
    a_input = input('How can I help you?')
EOFError: EOF when reading a line
TEST 25 END

TEST 26 BEGIN
$ echo Please convert CCCVII | python3 roman_arabic.py
How can I help you?Sure! It is 307
TEST 26 END

TEST 27 BEGIN
$ echo Please convert MCX | python3 roman_arabic.py
How can I help you?Sure! It is 1110
TEST 27 END

TEST 28 BEGIN
$ echo Please convert MMIX | python3 roman_arabic.py
How can I help you?How can I help you?Traceback (most recent call last):
  File "roman_arabic.py", line 220, in <module>
    user_input()
  File "roman_arabic.py", line 4, in user_input
    a_input = input('How can I help you?')
EOFError: EOF when reading a line
TEST 28 END

TEST 29 BEGIN
$ echo Please convert MMMLX | python3 roman_arabic.py
How can I help you?Sure! It is 3060
TEST 29 END

TEST 30 BEGIN
$ echo Please convert MMMCMLXXXIV | python3 roman_arabic.py
How can I help you?How can I help you?Traceback (most recent call last):
  File "roman_arabic.py", line 220, in <module>
    user_input()
  File "roman_arabic.py", line 4, in user_input
    a_input = input('How can I help you?')
EOFError: EOF when reading a line
TEST 30 END

TEST 31 BEGIN
$ echo Please convert aba using ab | python3 roman_arabic.py
How can I help you?Sure! It is 9
TEST 31 END

TEST 32 BEGIN
$ echo Please convert LI using IPQL | python3 roman_arabic.py
How can I help you?Hey, ask me something that's not impossible to do!
TEST 32 END

TEST 33 BEGIN
$ echo Please convert ABCDEF using XYZBCDEF | python3 roman_arabic.py
How can I help you?Hey, ask me something that's not impossible to do!
TEST 33 END

TEST 34 BEGIN
$ echo Please convert ABCDEFGHIJKLMNOPQRST using AbBcCdDeEfFgGhHiIjJkKlLmMnNoOpPqQrRsStT | python3 roman_arabic.py
How can I help you?Sure! It is 11111111111111111111
TEST 34 END

TEST 35 BEGIN
$ echo Please convert 098 using zaqws | python3 roman_arabic.py
How can I help you?Hey, ask me something that's not impossible to do!
TEST 35 END

TEST 36 BEGIN
$ echo Please convert 4000 using lkjhgfd | python3 roman_arabic.py
How can I help you?Sure! It is llll
TEST 36 END

TEST 37 BEGIN
$ echo Please convert 4 using lL | python3 roman_arabic.py
How can I help you?Sure! It is Ll
TEST 37 END

TEST 38 BEGIN
$ echo Please convert 7 using asdfghjklpoiuyt | python3 roman_arabic.py
How can I help you?Sure! It is ytt
TEST 38 END

TEST 39 BEGIN
$ echo Please convert 957 using mMnNjJkKtTgGdDqQ | python3 roman_arabic.py
How can I help you?Sure! It is GTdqQQ
TEST 39 END

TEST 40 BEGIN
$ echo Please convert 55555 using plmnbqwert | python3 roman_arabic.py
How can I help you?Sure! It is pmbwr
TEST 40 END

TEST 41 BEGIN
$ echo Please convert 936936936936936 using pqowieurytLAKSDJFHGzmxncbvQPWOEIRUTY | python3 roman_arabic.py
How can I help you?Sure! It is retttLASAJJJFHzHxxxncvcPPPWOIOUUUTY
TEST 41 END

TEST 42 BEGIN
$ echo Please convert 1020304050607080901 using qwertyuioplkjhgfdsaZXCVBNMLKJHGFDSAQWERTYUIOPzxcvbnm | python3 roman_arabic.py
How can I help you?Sure! It is fZZBBBKLGAQRTTIOOOczm
TEST 42 END

TEST 43 BEGIN
$ echo Please convert 6000000040000000008 using QWERTYUIOPlkjhgfdsaZXCVBNMmnbvcxzASDFGHJKL | python3 roman_arabic.py
How can I help you?Sure! It is TYCXKLLL
TEST 43 END

TEST 44 BEGIN
$ echo Please convert Ll using lL | python3 roman_arabic.py
How can I help you?Sure! It is 4
TEST 44 END

TEST 45 BEGIN
$ echo Please convert ytt using asdfghjklpoiuyt | python3 roman_arabic.py
How can I help you?Sure! It is 7
TEST 45 END

TEST 46 BEGIN
$ echo Please convert GTdqQQ using mMnNjJkKtTgGdDqQ | python3 roman_arabic.py
How can I help you?Sure! It is 957
TEST 46 END

TEST 47 BEGIN
$ echo Please convert pmbwr using plmnbqwert | python3 roman_arabic.py
How can I help you?Sure! It is 55555
TEST 47 END

TEST 48 BEGIN
$ echo Please convert retttLASAJJJFHzHxxxncvcPPPWOIOUUUTY using pqowieurytLAKSDJFHGzmxncbvQPWOEIRUTY | python3 roman_arabic.py
How can I help you?Sure! It is 936936936936936
TEST 48 END

TEST 49 BEGIN
$ echo Please convert fZZBBBKLGAQRTTIOOOczm using qwertyuioplkjhgfdsaZXCVBNMLKJHGFDSAQWERTYUIOPzxcvbnm | python3 roman_arabic.py
How can I help you?Sure! It is 1020304050607080901
TEST 49 END

TEST 50 BEGIN
$ echo Please convert TYCXKLLL using QWERTYUIOPlkjhgfdsaZXCVBNMmnbvcxzASDFGHJKL | python3 roman_arabic.py
How can I help you?Sure! It is 6000000040000000008
TEST 50 END

TEST 51 BEGIN
$ echo Please convert 937 minimally | python3 roman_arabic.py
How can I help you?Hey, ask me something that's not impossible to do!
TEST 51 END

TEST 52 BEGIN
$ echo Please convert I0 minimally | python3 roman_arabic.py
How can I help you?Hey, ask me something that's not impossible to do!
TEST 52 END

TEST 53 BEGIN
$ echo Please convert MSSM minimally | python3 roman_arabic.py
How can I help you?Hey, ask me something that's not impossible to do!
TEST 53 END

TEST 54 BEGIN
$ echo Please convert ABAB minimally | python3 roman_arabic.py
How can I help you?Hey, ask me something that's not impossible to do!
TEST 54 END

TEST 55 BEGIN
$ echo Please convert ABCDEFA minimally | python3 roman_arabic.py
How can I help you?Hey, ask me something that's not impossible to do!
TEST 55 END

TEST 56 BEGIN
$ echo Please convert ABAAA minimally | python3 roman_arabic.py
How can I help you?Hey, ask me something that's not impossible to do!
TEST 56 END

TEST 57 BEGIN
$ echo Please convert ABBACDEFGH minimally | python3 roman_arabic.py
How can I help you?Hey, ask me something that's not impossible to do!
TEST 57 END

TEST 58 BEGIN
$ echo Please convert abcdeabcde minimally | python3 roman_arabic.py
How can I help you?Hey, ask me something that's not impossible to do!
TEST 58 END

TEST 59 BEGIN
$ echo Please convert aaaYeXbbbcccdddeee minimally | python3 roman_arabic.py
How can I help you?Hey, ask me something that's not impossible to do!
TEST 59 END

TEST 60 BEGIN
$ echo Please convert abcdefghijabcdefghij minimally | python3 roman_arabic.py
How can I help you?Hey, ask me something that's not impossible to do!
TEST 60 END

TEST 61 BEGIN
$ echo Please convert X minimally | python3 roman_arabic.py
How can I help you?Hey, ask me something that's not impossible to do!
TEST 61 END

TEST 62 BEGIN
$ echo Please convert qp minimally | python3 roman_arabic.py
How can I help you?Hey, ask me something that's not impossible to do!
TEST 62 END

TEST 63 BEGIN
$ echo Please convert LPPP minimally | python3 roman_arabic.py
How can I help you?Hey, ask me something that's not impossible to do!
TEST 63 END

TEST 64 BEGIN
$ echo Please convert hjgrt minimally | python3 roman_arabic.py
How can I help you?Hey, ask me something that's not impossible to do!
TEST 64 END

TEST 65 BEGIN
$ echo Please convert TTTEEQ minimally | python3 roman_arabic.py
How can I help you?Hey, ask me something that's not impossible to do!
TEST 65 END

TEST 66 BEGIN
$ echo Please convert ERRTYYY minimally | python3 roman_arabic.py
How can I help you?Hey, ask me something that's not impossible to do!
TEST 66 END

TEST 67 BEGIN
$ echo Please convert IIUUUtTRRB minimally | python3 roman_arabic.py
How can I help you?Hey, ask me something that's not impossible to do!
TEST 67 END

TEST 68 BEGIN
$ echo Please convert lljjggffsswwccbbnn minimally | python3 roman_arabic.py
How can I help you?Hey, ask me something that's not impossible to do!
TEST 68 END

TEST 69 BEGIN
$ echo Please convert eteuuiooolllkjjghfds minimally | python3 roman_arabic.py
How can I help you?Hey, ask me something that's not impossible to do!
TEST 69 END

TEST 70 BEGIN
$ echo Please convert lllkkkjjhhmxxvvqqqppp minimally | python3 roman_arabic.py
How can I help you?Hey, ask me something that's not impossible to do!
TEST 70 END

TEST 71 BEGIN
$ echo Please convert kdjshffyyyMAAADDGDT minimally | python3 roman_arabic.py
How can I help you?Hey, ask me something that's not impossible to do!
TEST 71 END

TEST 72 BEGIN
$ echo Please convert brbwwqaaaZZZXCCKBOPL minimally | python3 roman_arabic.py
How can I help you?Hey, ask me something that's not impossible to do!
TEST 72 END

TEST 73 BEGIN
$ echo Please convert CEEGGGIikmMoOOqQQQSR minimally | python3 roman_arabic.py
How can I help you?Hey, ask me something that's not impossible to do!
TEST 73 END

TEST 74 BEGIN
$ echo Please convert uvcfdrzzzeeaQQCCCHVYRE minimally | python3 roman_arabic.py
How can I help you?Hey, ask me something that's not impossible to do!
TEST 74 END

TEST 75 BEGIN
$ echo Please convert iyoppplkkjhgdazxccvbbbmb minimally | python3 roman_arabic.py
How can I help you?Hey, ask me something that's not impossible to do!
TEST 75 END

TEST 76 BEGIN
$ echo Please convert KKKJJJHHZZXCVVRRQQQWWW minimally | python3 roman_arabic.py
How can I help you?Hey, ask me something that's not impossible to do!
TEST 76 END

TEST 77 BEGIN
$ echo Please convert tgggvnnLAAAKSSFJHDERRTWWW minimally | python3 roman_arabic.py
How can I help you?Hey, ask me something that's not impossible to do!
TEST 77 END

TEST 78 BEGIN
$ echo Please convert YUUIIIOoplLkKKjJJJHJGHfFFFdDDsSaZzXXXCCV minimally | python3 roman_arabic.py
How can I help you?Hey, ask me something that's not impossible to do!
TEST 78 END

TEST 79 BEGIN
$ echo Please convert IOOPPPLlkjJhHHgGGGFGDFsSSSaAAzZxCcVVVBBN minimally | python3 roman_arabic.py
How can I help you?Hey, ask me something that's not impossible to do!
TEST 79 END

TEST 80 BEGIN
$ echo Please convert fhdssszsxcccbcnmmmNmBVVVXVZAAASDGGHJLLPOUUYTEEWQ minimally | python3 roman_arabic.py
How can I help you?Hey, ask me something that's not impossible to do!
TEST 80 END

